------------------------------------------------------------
Timing Analyzer Summary
------------------------------------------------------------

Type  : Slow 1100mV 100C Model Setup 'altera_reserved_tck'
Slack : 10.685
TNS   : 0.000

Type  : Slow 1100mV 100C Model Setup 'pll2|video_pll_inst|altera_pll_i|general[1].gpll~PLL_OUTPUT_COUNTER|divclk'
Slack : 11.415
TNS   : 0.000

Type  : Slow 1100mV 100C Model Setup 'FPGA_CLK1_50'
Slack : 13.258
TNS   : 0.000

Type  : Slow 1100mV 100C Model Setup 'HDMI_TX_CLK'
Slack : 18.063
TNS   : 0.000

Type  : Slow 1100mV 100C Model Setup 'MIPI_PIXEL_CLK'
Slack : 27.271
TNS   : 0.000

Type  : Slow 1100mV 100C Model Setup 'pll1|audio_pll_inst|altera_pll_i|general[0].gpll~PLL_OUTPUT_COUNTER|divclk'
Slack : 647.994
TNS   : 0.000

Type  : Slow 1100mV 100C Model Hold 'MIPI_PIXEL_CLK'
Slack : 0.096
TNS   : 0.000

Type  : Slow 1100mV 100C Model Hold 'FPGA_CLK1_50'
Slack : 0.244
TNS   : 0.000

Type  : Slow 1100mV 100C Model Hold 'pll2|video_pll_inst|altera_pll_i|general[1].gpll~PLL_OUTPUT_COUNTER|divclk'
Slack : 0.368
TNS   : 0.000

Type  : Slow 1100mV 100C Model Hold 'pll1|audio_pll_inst|altera_pll_i|general[0].gpll~PLL_OUTPUT_COUNTER|divclk'
Slack : 0.624
TNS   : 0.000

Type  : Slow 1100mV 100C Model Hold 'altera_reserved_tck'
Slack : 0.679
TNS   : 0.000

Type  : Slow 1100mV 100C Model Hold 'HDMI_TX_CLK'
Slack : 13.762
TNS   : 0.000

Type  : Slow 1100mV 100C Model Recovery 'pll1|audio_pll_inst|altera_pll_i|general[0].gpll~PLL_OUTPUT_COUNTER|divclk'
Slack : -5.655
TNS   : -82.391

Type  : Slow 1100mV 100C Model Recovery 'FPGA_CLK1_50'
Slack : 14.554
TNS   : 0.000

Type  : Slow 1100mV 100C Model Recovery 'altera_reserved_tck'
Slack : 30.142
TNS   : 0.000

Type  : Slow 1100mV 100C Model Removal 'altera_reserved_tck'
Slack : 1.171
TNS   : 0.000

Type  : Slow 1100mV 100C Model Removal 'pll1|audio_pll_inst|altera_pll_i|general[0].gpll~PLL_OUTPUT_COUNTER|divclk'
Slack : 1.431
TNS   : 0.000

Type  : Slow 1100mV 100C Model Removal 'FPGA_CLK1_50'
Slack : 1.904
TNS   : 0.000

Type  : Slow 1100mV 100C Model Minimum Pulse Width 'pll1|audio_pll_inst|altera_pll_i|general[0].gpll~FRACTIONAL_PLL|vcoph[0]'
Slack : 1.600
TNS   : 0.000

Type  : Slow 1100mV 100C Model Minimum Pulse Width 'pll2|video_pll_inst|altera_pll_i|general[0].gpll~FRACTIONAL_PLL|vcoph[0]'
Slack : 1.666
TNS   : 0.000

Type  : Slow 1100mV 100C Model Minimum Pulse Width 'FPGA_CLK1_50'
Slack : 8.702
TNS   : 0.000

Type  : Slow 1100mV 100C Model Minimum Pulse Width 'FPGA_CLK2_50'
Slack : 9.730
TNS   : 0.000

Type  : Slow 1100mV 100C Model Minimum Pulse Width 'altera_reserved_tck'
Slack : 15.484
TNS   : 0.000

Type  : Slow 1100mV 100C Model Minimum Pulse Width 'pll2|video_pll_inst|altera_pll_i|general[1].gpll~PLL_OUTPUT_COUNTER|divclk'
Slack : 18.563
TNS   : 0.000

Type  : Slow 1100mV 100C Model Minimum Pulse Width 'MIPI_PIXEL_CLK'
Slack : 18.718
TNS   : 0.000

Type  : Slow 1100mV 100C Model Minimum Pulse Width 'pll1|audio_pll_inst|altera_pll_i|general[0].gpll~PLL_OUTPUT_COUNTER|divclk'
Slack : 325.405
TNS   : 0.000

Type  : Slow 1100mV -40C Model Setup 'altera_reserved_tck'
Slack : 10.910
TNS   : 0.000

Type  : Slow 1100mV -40C Model Setup 'pll2|video_pll_inst|altera_pll_i|general[1].gpll~PLL_OUTPUT_COUNTER|divclk'
Slack : 11.947
TNS   : 0.000

Type  : Slow 1100mV -40C Model Setup 'FPGA_CLK1_50'
Slack : 13.238
TNS   : 0.000

Type  : Slow 1100mV -40C Model Setup 'HDMI_TX_CLK'
Slack : 18.592
TNS   : 0.000

Type  : Slow 1100mV -40C Model Setup 'MIPI_PIXEL_CLK'
Slack : 28.007
TNS   : 0.000

Type  : Slow 1100mV -40C Model Setup 'pll1|audio_pll_inst|altera_pll_i|general[0].gpll~PLL_OUTPUT_COUNTER|divclk'
Slack : 647.878
TNS   : 0.000

Type  : Slow 1100mV -40C Model Hold 'FPGA_CLK1_50'
Slack : 0.232
TNS   : 0.000

Type  : Slow 1100mV -40C Model Hold 'pll2|video_pll_inst|altera_pll_i|general[1].gpll~PLL_OUTPUT_COUNTER|divclk'
Slack : 0.349
TNS   : 0.000

Type  : Slow 1100mV -40C Model Hold 'MIPI_PIXEL_CLK'
Slack : 0.439
TNS   : 0.000

Type  : Slow 1100mV -40C Model Hold 'altera_reserved_tck'
Slack : 0.684
TNS   : 0.000

Type  : Slow 1100mV -40C Model Hold 'pll1|audio_pll_inst|altera_pll_i|general[0].gpll~PLL_OUTPUT_COUNTER|divclk'
Slack : 0.685
TNS   : 0.000

Type  : Slow 1100mV -40C Model Hold 'HDMI_TX_CLK'
Slack : 13.513
TNS   : 0.000

Type  : Slow 1100mV -40C Model Recovery 'pll1|audio_pll_inst|altera_pll_i|general[0].gpll~PLL_OUTPUT_COUNTER|divclk'
Slack : -5.086
TNS   : -74.179

Type  : Slow 1100mV -40C Model Recovery 'FPGA_CLK1_50'
Slack : 14.536
TNS   : 0.000

Type  : Slow 1100mV -40C Model Recovery 'altera_reserved_tck'
Slack : 30.320
TNS   : 0.000

Type  : Slow 1100mV -40C Model Removal 'altera_reserved_tck'
Slack : 1.085
TNS   : 0.000

Type  : Slow 1100mV -40C Model Removal 'pll1|audio_pll_inst|altera_pll_i|general[0].gpll~PLL_OUTPUT_COUNTER|divclk'
Slack : 1.183
TNS   : 0.000

Type  : Slow 1100mV -40C Model Removal 'FPGA_CLK1_50'
Slack : 1.766
TNS   : 0.000

Type  : Slow 1100mV -40C Model Minimum Pulse Width 'pll1|audio_pll_inst|altera_pll_i|general[0].gpll~FRACTIONAL_PLL|vcoph[0]'
Slack : 1.600
TNS   : 0.000

Type  : Slow 1100mV -40C Model Minimum Pulse Width 'pll2|video_pll_inst|altera_pll_i|general[0].gpll~FRACTIONAL_PLL|vcoph[0]'
Slack : 1.666
TNS   : 0.000

Type  : Slow 1100mV -40C Model Minimum Pulse Width 'FPGA_CLK1_50'
Slack : 8.683
TNS   : 0.000

Type  : Slow 1100mV -40C Model Minimum Pulse Width 'FPGA_CLK2_50'
Slack : 9.754
TNS   : 0.000

Type  : Slow 1100mV -40C Model Minimum Pulse Width 'altera_reserved_tck'
Slack : 15.501
TNS   : 0.000

Type  : Slow 1100mV -40C Model Minimum Pulse Width 'pll2|video_pll_inst|altera_pll_i|general[1].gpll~PLL_OUTPUT_COUNTER|divclk'
Slack : 18.543
TNS   : 0.000

Type  : Slow 1100mV -40C Model Minimum Pulse Width 'MIPI_PIXEL_CLK'
Slack : 18.711
TNS   : 0.000

Type  : Slow 1100mV -40C Model Minimum Pulse Width 'pll1|audio_pll_inst|altera_pll_i|general[0].gpll~PLL_OUTPUT_COUNTER|divclk'
Slack : 325.424
TNS   : 0.000

Type  : Fast 1100mV 100C Model Setup 'altera_reserved_tck'
Slack : 13.744
TNS   : 0.000

Type  : Fast 1100mV 100C Model Setup 'pll2|video_pll_inst|altera_pll_i|general[1].gpll~PLL_OUTPUT_COUNTER|divclk'
Slack : 14.492
TNS   : 0.000

Type  : Fast 1100mV 100C Model Setup 'FPGA_CLK1_50'
Slack : 16.311
TNS   : 0.000

Type  : Fast 1100mV 100C Model Setup 'HDMI_TX_CLK'
Slack : 27.258
TNS   : 0.000

Type  : Fast 1100mV 100C Model Setup 'MIPI_PIXEL_CLK'
Slack : 30.379
TNS   : 0.000

Type  : Fast 1100mV 100C Model Setup 'pll1|audio_pll_inst|altera_pll_i|general[0].gpll~PLL_OUTPUT_COUNTER|divclk'
Slack : 650.564
TNS   : 0.000

Type  : Fast 1100mV 100C Model Hold 'FPGA_CLK1_50'
Slack : 0.134
TNS   : 0.000

Type  : Fast 1100mV 100C Model Hold 'MIPI_PIXEL_CLK'
Slack : 0.186
TNS   : 0.000

Type  : Fast 1100mV 100C Model Hold 'pll2|video_pll_inst|altera_pll_i|general[1].gpll~PLL_OUTPUT_COUNTER|divclk'
Slack : 0.198
TNS   : 0.000

Type  : Fast 1100mV 100C Model Hold 'altera_reserved_tck'
Slack : 0.239
TNS   : 0.000

Type  : Fast 1100mV 100C Model Hold 'pll1|audio_pll_inst|altera_pll_i|general[0].gpll~PLL_OUTPUT_COUNTER|divclk'
Slack : 0.402
TNS   : 0.000

Type  : Fast 1100mV 100C Model Hold 'HDMI_TX_CLK'
Slack : 8.186
TNS   : 0.000

Type  : Fast 1100mV 100C Model Recovery 'pll1|audio_pll_inst|altera_pll_i|general[0].gpll~PLL_OUTPUT_COUNTER|divclk'
Slack : -3.559
TNS   : -52.389

Type  : Fast 1100mV 100C Model Recovery 'FPGA_CLK1_50'
Slack : 16.462
TNS   : 0.000

Type  : Fast 1100mV 100C Model Recovery 'altera_reserved_tck'
Slack : 31.277
TNS   : 0.000

Type  : Fast 1100mV 100C Model Removal 'altera_reserved_tck'
Slack : 0.510
TNS   : 0.000

Type  : Fast 1100mV 100C Model Removal 'pll1|audio_pll_inst|altera_pll_i|general[0].gpll~PLL_OUTPUT_COUNTER|divclk'
Slack : 1.069
TNS   : 0.000

Type  : Fast 1100mV 100C Model Removal 'FPGA_CLK1_50'
Slack : 1.103
TNS   : 0.000

Type  : Fast 1100mV 100C Model Minimum Pulse Width 'pll1|audio_pll_inst|altera_pll_i|general[0].gpll~FRACTIONAL_PLL|vcoph[0]'
Slack : 1.600
TNS   : 0.000

Type  : Fast 1100mV 100C Model Minimum Pulse Width 'pll2|video_pll_inst|altera_pll_i|general[0].gpll~FRACTIONAL_PLL|vcoph[0]'
Slack : 1.666
TNS   : 0.000

Type  : Fast 1100mV 100C Model Minimum Pulse Width 'FPGA_CLK1_50'
Slack : 8.683
TNS   : 0.000

Type  : Fast 1100mV 100C Model Minimum Pulse Width 'FPGA_CLK2_50'
Slack : 9.347
TNS   : 0.000

Type  : Fast 1100mV 100C Model Minimum Pulse Width 'altera_reserved_tck'
Slack : 15.429
TNS   : 0.000

Type  : Fast 1100mV 100C Model Minimum Pulse Width 'MIPI_PIXEL_CLK'
Slack : 18.314
TNS   : 0.000

Type  : Fast 1100mV 100C Model Minimum Pulse Width 'pll2|video_pll_inst|altera_pll_i|general[1].gpll~PLL_OUTPUT_COUNTER|divclk'
Slack : 18.881
TNS   : 0.000

Type  : Fast 1100mV 100C Model Minimum Pulse Width 'pll1|audio_pll_inst|altera_pll_i|general[0].gpll~PLL_OUTPUT_COUNTER|divclk'
Slack : 325.920
TNS   : 0.000

Type  : Fast 1100mV -40C Model Setup 'altera_reserved_tck'
Slack : 14.343
TNS   : 0.000

Type  : Fast 1100mV -40C Model Setup 'pll2|video_pll_inst|altera_pll_i|general[1].gpll~PLL_OUTPUT_COUNTER|divclk'
Slack : 15.667
TNS   : 0.000

Type  : Fast 1100mV -40C Model Setup 'FPGA_CLK1_50'
Slack : 16.764
TNS   : 0.000

Type  : Fast 1100mV -40C Model Setup 'HDMI_TX_CLK'
Slack : 28.511
TNS   : 0.000

Type  : Fast 1100mV -40C Model Setup 'MIPI_PIXEL_CLK'
Slack : 31.685
TNS   : 0.000

Type  : Fast 1100mV -40C Model Setup 'pll1|audio_pll_inst|altera_pll_i|general[0].gpll~PLL_OUTPUT_COUNTER|divclk'
Slack : 650.795
TNS   : 0.000

Type  : Fast 1100mV -40C Model Hold 'FPGA_CLK1_50'
Slack : 0.115
TNS   : 0.000

Type  : Fast 1100mV -40C Model Hold 'pll2|video_pll_inst|altera_pll_i|general[1].gpll~PLL_OUTPUT_COUNTER|divclk'
Slack : 0.168
TNS   : 0.000

Type  : Fast 1100mV -40C Model Hold 'MIPI_PIXEL_CLK'
Slack : 0.173
TNS   : 0.000

Type  : Fast 1100mV -40C Model Hold 'altera_reserved_tck'
Slack : 0.206
TNS   : 0.000

Type  : Fast 1100mV -40C Model Hold 'pll1|audio_pll_inst|altera_pll_i|general[0].gpll~PLL_OUTPUT_COUNTER|divclk'
Slack : 0.371
TNS   : 0.000

Type  : Fast 1100mV -40C Model Hold 'HDMI_TX_CLK'
Slack : 7.539
TNS   : 0.000

Type  : Fast 1100mV -40C Model Recovery 'pll1|audio_pll_inst|altera_pll_i|general[0].gpll~PLL_OUTPUT_COUNTER|divclk'
Slack : -2.567
TNS   : -37.628

Type  : Fast 1100mV -40C Model Recovery 'FPGA_CLK1_50'
Slack : 16.955
TNS   : 0.000

Type  : Fast 1100mV -40C Model Recovery 'altera_reserved_tck'
Slack : 31.599
TNS   : 0.000

Type  : Fast 1100mV -40C Model Removal 'altera_reserved_tck'
Slack : 0.415
TNS   : 0.000

Type  : Fast 1100mV -40C Model Removal 'pll1|audio_pll_inst|altera_pll_i|general[0].gpll~PLL_OUTPUT_COUNTER|divclk'
Slack : 0.553
TNS   : 0.000

Type  : Fast 1100mV -40C Model Removal 'FPGA_CLK1_50'
Slack : 0.903
TNS   : 0.000

Type  : Fast 1100mV -40C Model Minimum Pulse Width 'pll1|audio_pll_inst|altera_pll_i|general[0].gpll~FRACTIONAL_PLL|vcoph[0]'
Slack : 1.600
TNS   : 0.000

Type  : Fast 1100mV -40C Model Minimum Pulse Width 'pll2|video_pll_inst|altera_pll_i|general[0].gpll~FRACTIONAL_PLL|vcoph[0]'
Slack : 1.666
TNS   : 0.000

Type  : Fast 1100mV -40C Model Minimum Pulse Width 'FPGA_CLK1_50'
Slack : 8.646
TNS   : 0.000

Type  : Fast 1100mV -40C Model Minimum Pulse Width 'FPGA_CLK2_50'
Slack : 9.274
TNS   : 0.000

Type  : Fast 1100mV -40C Model Minimum Pulse Width 'altera_reserved_tck'
Slack : 15.425
TNS   : 0.000

Type  : Fast 1100mV -40C Model Minimum Pulse Width 'MIPI_PIXEL_CLK'
Slack : 18.286
TNS   : 0.000

Type  : Fast 1100mV -40C Model Minimum Pulse Width 'pll2|video_pll_inst|altera_pll_i|general[1].gpll~PLL_OUTPUT_COUNTER|divclk'
Slack : 18.886
TNS   : 0.000

Type  : Fast 1100mV -40C Model Minimum Pulse Width 'pll1|audio_pll_inst|altera_pll_i|general[0].gpll~PLL_OUTPUT_COUNTER|divclk'
Slack : 325.933
TNS   : 0.000

------------------------------------------------------------
